9월 09, 2026 11:51:32 오후 org.apache.catalina.startup.VersionLoggerListener log
정보: 서버 버전 이름:    Apache Tomcat/7.0.109
9월 09, 2026 11:51:32 오후 org.apache.catalina.startup.VersionLoggerListener log
정보: Server 빌드 시각:  Apr 22 2021 18:43:38 UTC
9월 09, 2026 11:51:32 오후 org.apache.catalina.startup.VersionLoggerListener log
정보: Server 버전 번호:  7.0.109.0
9월 09, 2026 11:51:32 오후 org.apache.catalina.startup.VersionLoggerListener log
정보: 운영체제 이름:     Windows 11
9월 09, 2026 11:51:32 오후 org.apache.catalina.startup.VersionLoggerListener log
정보: 운영체제 버전:     10.0
9월 09, 2026 11:51:32 오후 org.apache.catalina.startup.VersionLoggerListener log
정보: 아키텍처:          amd64
9월 09, 2026 11:51:32 오후 org.apache.catalina.startup.VersionLoggerListener log
정보: 자바 홈:           D:\jdk-8u501-windows-x64\jdk1.8.0_501\jre
9월 09, 2026 11:51:32 오후 org.apache.catalina.startup.VersionLoggerListener log
정보: JVM 버전:          1.8.0_501-b08
9월 09, 2026 11:51:32 오후 org.apache.catalina.startup.VersionLoggerListener log
정보: JVM 벤더:          Oracle Corporation
9월 09, 2026 11:51:32 오후 org.apache.catalina.startup.VersionLoggerListener log
정보: CATALINA_BASE:     D:\00000_DEV\study\tools\apache-tomcat-7.0.109
9월 09, 2026 11:51:32 오후 org.apache.catalina.startup.VersionLoggerListener log
정보: CATALINA_HOME:     D:\00000_DEV\study\tools\apache-tomcat-7.0.109
9월 09, 2026 11:51:32 오후 org.apache.catalina.startup.VersionLoggerListener log
정보: 명령 행 아규먼트:  -Djava.util.logging.config.file=D:\00000_DEV\study\tools\apache-tomcat-7.0.109\conf\logging.properties
9월 09, 2026 11:51:32 오후 org.apache.catalina.startup.VersionLoggerListener log
정보: 명령 행 아규먼트:  -Djava.util.logging.manager=org.apache.juli.ClassLoaderLogManager
9월 09, 2026 11:51:32 오후 org.apache.catalina.startup.VersionLoggerListener log
정보: 명령 행 아규먼트:  -Djdk.tls.ephemeralDHKeySize=2048
9월 09, 2026 11:51:32 오후 org.apache.catalina.startup.VersionLoggerListener log
정보: 명령 행 아규먼트:  -Dignore.endorsed.dirs=
9월 09, 2026 11:51:32 오후 org.apache.catalina.startup.VersionLoggerListener log
정보: 명령 행 아규먼트:  -Dcatalina.base=D:\00000_DEV\study\tools\apache-tomcat-7.0.109
9월 09, 2026 11:51:32 오후 org.apache.catalina.startup.VersionLoggerListener log
정보: 명령 행 아규먼트:  -Dcatalina.home=D:\00000_DEV\study\tools\apache-tomcat-7.0.109
9월 09, 2026 11:51:32 오후 org.apache.catalina.startup.VersionLoggerListener log
정보: 명령 행 아규먼트:  -Djava.io.tmpdir=D:\00000_DEV\study\tools\apache-tomcat-7.0.109\temp
9월 09, 2026 11:51:32 오후 org.apache.catalina.core.AprLifecycleListener lifecycleEvent
정보: APR 버전 [1.7.0]을(를) 사용한, APR 기반 Apache Tomcat Native 라이브러리 [1.2.28]을(를) 로드했습니다.
9월 09, 2026 11:51:32 오후 org.apache.catalina.core.AprLifecycleListener lifecycleEvent
정보: APR 용량정보들: IPv6 [true], sendfile [true], accept filters [false], random [true].
9월 09, 2026 11:51:32 오후 org.apache.catalina.core.AprLifecycleListener initializeSSL
정보: OpenSSL이 성공적으로 초기화되었습니다: [OpenSSL 1.1.1k  25 Mar 2021]
9월 09, 2026 11:51:32 오후 org.apache.coyote.AbstractProtocol init
정보: 프로토콜 핸들러 ["http-apr-8080"]을(를) 초기화합니다.
9월 09, 2026 11:51:32 오후 org.apache.catalina.startup.Catalina load
정보: Initialization processed in 557 ms
9월 09, 2026 11:51:32 오후 org.apache.catalina.core.StandardService startInternal
정보: 서비스 [Catalina]을(를) 시작합니다.
9월 09, 2026 11:51:32 오후 org.apache.catalina.core.StandardEngine startInternal
정보: Starting Servlet Engine: Apache Tomcat/7.0.109
9월 09, 2026 11:51:32 오후 org.apache.catalina.startup.HostConfig deployWAR
정보: 웹 애플리케이션 아카이브 [D:\00000_DEV\study\tools\apache-tomcat-7.0.109\webapps\mvc3_2.war]을(를) 배치합니다.
9월 09, 2026 11:51:33 오후 org.apache.catalina.startup.TldConfig execute
정보: At least one JAR was scanned for TLDs yet contained no TLDs. Enable debug logging for this logger for a complete list of JARs that were scanned but no TLDs were found in them. Skipping unneeded JARs during scanning can improve startup time and JSP compilation time.
9월 09, 2026 11:51:33 오후 org.apache.catalina.util.SessionIdGeneratorBase createSecureRandom
경고: [SHA1PRNG] 알고리즘을 사용하여, 세션 ID를 생성하기 위한 SecureRandom 객체를 생성하는데, [227] 밀리초가 소요됐습니다.
9월 09, 2026 11:51:33 오후 org.springframework.web.servlet.DispatcherServlet initServletBean
정보: FrameworkServlet 'dispatcher': initialization started
9월 09, 2026 11:51:33 오후 org.springframework.web.context.support.XmlWebApplicationContext prepareRefresh
정보: Refreshing WebApplicationContext for namespace 'dispatcher-servlet': startup date [Wed Sep 09 23:51:33 KST 2026]; root of context hierarchy
9월 09, 2026 11:51:33 오후 org.springframework.beans.factory.xml.XmlBeanDefinitionReader loadBeanDefinitions
정보: Loading XML bean definitions from ServletContext resource [/WEB-INF/spring/servlet-context.xml]
9월 09, 2026 11:51:34 오후 org.springframework.beans.factory.support.DefaultListableBeanFactory preInstantiateSingletons
정보: Pre-instantiating singletons in org.springframework.beans.factory.support.DefaultListableBeanFactory@44873791: defining beans [homeController,org.springframework.context.annotation.internalConfigurationAnnotationProcessor,org.springframework.context.annotation.internalAutowiredAnnotationProcessor,org.springframework.context.annotation.internalRequiredAnnotationProcessor,org.springframework.context.annotation.internalCommonAnnotationProcessor,mvcContentNegotiationManager,org.springframework.web.servlet.mvc.method.annotation.RequestMappingHandlerMapping#0,org.springframework.format.support.FormattingConversionServiceFactoryBean#0,org.springframework.web.servlet.mvc.method.annotation.RequestMappingHandlerAdapter#0,org.springframework.web.servlet.handler.MappedInterceptor#0,org.springframework.web.servlet.mvc.method.annotation.ExceptionHandlerExceptionResolver#0,org.springframework.web.servlet.mvc.annotation.ResponseStatusExceptionResolver#0,org.springframework.web.servlet.mvc.support.DefaultHandlerExceptionResolver#0,org.springframework.web.servlet.handler.BeanNameUrlHandlerMapping,org.springframework.web.servlet.mvc.HttpRequestHandlerAdapter,org.springframework.web.servlet.mvc.SimpleControllerHandlerAdapter,org.springframework.web.servlet.resource.ResourceHttpRequestHandler#0,mvcPathMatcher,mvcUrlPathHelper,org.springframework.web.servlet.handler.SimpleUrlHandlerMapping#0,org.springframework.web.servlet.view.InternalResourceViewResolver#0,org.springframework.context.annotation.ConfigurationClassPostProcessor.importAwareProcessor]; root of factory hierarchy
9월 09, 2026 11:51:34 오후 org.springframework.web.servlet.mvc.method.annotation.RequestMappingHandlerMapping registerHandlerMethod
정보: Mapped "{[/],methods=[GET],params=[],headers=[],consumes=[],produces=[],custom=[]}" onto public java.lang.String com.example.mvc32.web.HomeController.home(org.springframework.ui.Model)
9월 09, 2026 11:51:34 오후 org.springframework.web.servlet.handler.SimpleUrlHandlerMapping registerHandler
정보: Mapped URL path [/resources/**] onto handler 'org.springframework.web.servlet.resource.ResourceHttpRequestHandler#0'
9월 09, 2026 11:51:34 오후 org.springframework.web.servlet.DispatcherServlet initServletBean
정보: FrameworkServlet 'dispatcher': initialization completed in 453 ms
9월 09, 2026 11:51:34 오후 org.apache.catalina.startup.HostConfig deployWAR
정보: 웹 애플리케이션 아카이브 [D:\00000_DEV\study\tools\apache-tomcat-7.0.109\webapps\mvc3_2.war]의 배치가 [1,355] 밀리초에 완료되었습니다.
9월 09, 2026 11:51:34 오후 org.apache.catalina.startup.HostConfig deployDirectory
정보: 웹 애플리케이션 디렉토리 [D:\00000_DEV\study\tools\apache-tomcat-7.0.109\webapps\docs]을(를) 배치합니다.
9월 09, 2026 11:51:34 오후 org.apache.catalina.startup.HostConfig deployDirectory
정보: 웹 애플리케이션 디렉토리 [D:\00000_DEV\study\tools\apache-tomcat-7.0.109\webapps\docs]에 대한 배치가 [29] 밀리초에 완료되었습니다.
9월 09, 2026 11:51:34 오후 org.apache.catalina.startup.HostConfig deployDirectory
정보: 웹 애플리케이션 디렉토리 [D:\00000_DEV\study\tools\apache-tomcat-7.0.109\webapps\examples]을(를) 배치합니다.
9월 09, 2026 11:51:34 오후 org.apache.catalina.startup.HostConfig deployDirectory
정보: 웹 애플리케이션 디렉토리 [D:\00000_DEV\study\tools\apache-tomcat-7.0.109\webapps\examples]에 대한 배치가 [170] 밀리초에 완료되었습니다.
9월 09, 2026 11:51:34 오후 org.apache.catalina.startup.HostConfig deployDirectory
정보: 웹 애플리케이션 디렉토리 [D:\00000_DEV\study\tools\apache-tomcat-7.0.109\webapps\host-manager]을(를) 배치합니다.
9월 09, 2026 11:51:34 오후 org.apache.catalina.startup.HostConfig deployDirectory
정보: 웹 애플리케이션 디렉토리 [D:\00000_DEV\study\tools\apache-tomcat-7.0.109\webapps\host-manager]에 대한 배치가 [37] 밀리초에 완료되었습니다.
9월 09, 2026 11:51:34 오후 org.apache.catalina.startup.HostConfig deployDirectory
정보: 웹 애플리케이션 디렉토리 [D:\00000_DEV\study\tools\apache-tomcat-7.0.109\webapps\manager]을(를) 배치합니다.
9월 09, 2026 11:51:34 오후 org.apache.catalina.startup.HostConfig deployDirectory
정보: 웹 애플리케이션 디렉토리 [D:\00000_DEV\study\tools\apache-tomcat-7.0.109\webapps\manager]에 대한 배치가 [37] 밀리초에 완료되었습니다.
9월 09, 2026 11:51:34 오후 org.apache.catalina.startup.HostConfig deployDirectory
정보: 웹 애플리케이션 디렉토리 [D:\00000_DEV\study\tools\apache-tomcat-7.0.109\webapps\ROOT]을(를) 배치합니다.
9월 09, 2026 11:51:34 오후 org.apache.catalina.startup.HostConfig deployDirectory
정보: 웹 애플리케이션 디렉토리 [D:\00000_DEV\study\tools\apache-tomcat-7.0.109\webapps\ROOT]에 대한 배치가 [24] 밀리초에 완료되었습니다.
9월 09, 2026 11:51:34 오후 org.apache.coyote.AbstractProtocol start
정보: 프로토콜 핸들러 ["http-apr-8080"]을(를) 시작합니다.
9월 09, 2026 11:51:34 오후 org.apache.catalina.startup.Catalina start
정보: Server startup in 1764 ms
